Building DAG of jobs...
Using shell: /usr/bin/bash
Provided cores: 1 (use --cores to define parallelism)
Rules claiming more threads will be scaled down.
Job stats:
job                         count
------------------------  -------
compute_molecular_weight        1
total                           1

Select jobs to execute...

[Tue Mar 18 19:15:00 2025]
rule compute_molecular_weight:
    input: resources/rubisco_sequences/gen.fa, resources/rubisco_sequences/nat.fa
    output: results/molecular_weight.csv
    jobid: 0
    reason: Forced execution
    resources: tmpdir=/tmp

[Tue Mar 18 19:15:00 2025]
Finished job 0.
1 of 1 steps (100%) done
Complete log: .snakemake/log/2025-03-18T191500.109242.snakemake.log
