Building DAG of jobs...
Using shell: /usr/bin/bash
Provided cores: 1 (use --cores to define parallelism)
Rules claiming more threads will be scaled down.
Job stats:
job                    count
-------------------  -------
all                        1
convert_fasta_upper        2
fasta_to_aln               2
total                      5

Select jobs to execute...

[Tue Mar 18 20:37:13 2025]
rule convert_fasta_upper:
    input: resources/rubisco_sequences/nat.fa
    output: results/nat_upper.fa
    jobid: 2
    reason: Missing output files: results/nat_upper.fa
    wildcards: sample=nat
    resources: tmpdir=/tmp

[Tue Mar 18 20:37:13 2025]
Finished job 2.
1 of 5 steps (20%) done
Select jobs to execute...

[Tue Mar 18 20:37:13 2025]
rule fasta_to_aln:
    input: results/nat_upper.fa
    output: results/nat_aln_file.aln
    jobid: 1
    reason: Missing output files: results/nat_aln_file.aln; Input files updated by another job: results/nat_upper.fa
    wildcards: sample=nat
    resources: tmpdir=/tmp

[Tue Mar 18 20:37:13 2025]
Finished job 1.
2 of 5 steps (40%) done
Select jobs to execute...

[Tue Mar 18 20:37:13 2025]
rule convert_fasta_upper:
    input: resources/rubisco_sequences/gen.fa
    output: results/gen_upper.fa
    jobid: 4
    reason: Missing output files: results/gen_upper.fa
    wildcards: sample=gen
    resources: tmpdir=/tmp

[Tue Mar 18 20:37:13 2025]
Finished job 4.
3 of 5 steps (60%) done
Select jobs to execute...

[Tue Mar 18 20:37:13 2025]
rule fasta_to_aln:
    input: results/gen_upper.fa
    output: results/gen_aln_file.aln
    jobid: 3
    reason: Missing output files: results/gen_aln_file.aln; Input files updated by another job: results/gen_upper.fa
    wildcards: sample=gen
    resources: tmpdir=/tmp

[Tue Mar 18 20:37:13 2025]
Finished job 3.
4 of 5 steps (80%) done
Select jobs to execute...

[Tue Mar 18 20:37:13 2025]
localrule all:
    input: results/nat_aln_file.aln, results/gen_aln_file.aln
    jobid: 0
    reason: Input files updated by another job: results/gen_aln_file.aln, results/nat_aln_file.aln
    resources: tmpdir=/tmp

[Tue Mar 18 20:37:13 2025]
Finished job 0.
5 of 5 steps (100%) done
Complete log: .snakemake/log/2025-03-18T203713.224899.snakemake.log
