Building DAG of jobs...
File path results//rubisco.csv contains double '/'. This is likely unintended. It can also lead to inconsistent results of the file-matching approach used by Snakemake.
File path results//rubisco.fasta contains double '/'. This is likely unintended. It can also lead to inconsistent results of the file-matching approach used by Snakemake.
File path results//rubisco_cleaned.fasta contains double '/'. This is likely unintended. It can also lead to inconsistent results of the file-matching approach used by Snakemake.
File path results//rubisco_filtering.log contains double '/'. This is likely unintended. It can also lead to inconsistent results of the file-matching approach used by Snakemake.
File path results//rubisco.csv contains double '/'. This is likely unintended. It can also lead to inconsistent results of the file-matching approach used by Snakemake.
File path results//rubisco_msa.fasta contains double '/'. This is likely unintended. It can also lead to inconsistent results of the file-matching approach used by Snakemake.
File path results//rubisco_dist_mat.tsv contains double '/'. This is likely unintended. It can also lead to inconsistent results of the file-matching approach used by Snakemake.
File path results//rubisco_clusters.png contains double '/'. This is likely unintended. It can also lead to inconsistent results of the file-matching approach used by Snakemake.
File path results//rubisco_cleaned.fasta contains double '/'. This is likely unintended. It can also lead to inconsistent results of the file-matching approach used by Snakemake.
File path results//rubisco.csv contains double '/'. This is likely unintended. It can also lead to inconsistent results of the file-matching approach used by Snakemake.
File path results//rubisco.csv contains double '/'. This is likely unintended. It can also lead to inconsistent results of the file-matching approach used by Snakemake.
File path results//rubisco.fasta contains double '/'. This is likely unintended. It can also lead to inconsistent results of the file-matching approach used by Snakemake.
File path results//rubisco_cleaned.fasta contains double '/'. This is likely unintended. It can also lead to inconsistent results of the file-matching approach used by Snakemake.
File path results//rubisco_filtering.log contains double '/'. This is likely unintended. It can also lead to inconsistent results of the file-matching approach used by Snakemake.
File path results//rubisco.fasta contains double '/'. This is likely unintended. It can also lead to inconsistent results of the file-matching approach used by Snakemake.
MissingInputException in rule combine_sequences in file /home/ahmad/BB103X_final/Snakefile, line 143:
Missing input files for rule combine_sequences:
    output: results//rubisco.fasta
    affected files:
        results/rubisco_sequences/nat.fa
