Building DAG of jobs...
Using shell: /usr/bin/bash
Provided cores: 4
Rules claiming more threads will be scaled down.
Job stats:
job                             count
----------------------------  -------
all                                 1
plot_molecular_weight_length        1
total                               2

Select jobs to execute...

[Thu Mar 20 13:52:21 2025]
rule plot_molecular_weight_length:
    input: results/molecular_weight.csv
    output: results/molecular_weight_boxplot.png, results/molecular_weight_histogram.png, results/sequence_length_boxplot.png, results/scatterplot.png
    jobid: 16
    reason: Missing output files: results/molecular_weight_boxplot.png, results/scatterplot.png, results/molecular_weight_histogram.png, results/sequence_length_boxplot.png
    resources: tmpdir=/tmp

[Thu Mar 20 13:52:22 2025]
Error in rule plot_molecular_weight_length:
    jobid: 16
    input: results/molecular_weight.csv
    output: results/molecular_weight_boxplot.png, results/molecular_weight_histogram.png, results/sequence_length_boxplot.png, results/scatterplot.png
    shell:
        python workflow/scripts/plot_molecular_weight_length.py results/molecular_weight.csv results/molecular_weight_boxplot.png results/molecular_weight_histogram.png results/sequence_length_boxplot.png results/scatterplot.png
        (one of the commands exited with non-zero exit code; note that snakemake uses bash strict mode!)

Shutting down, this might take some time.
Exiting because a job execution failed. Look above for error message
Complete log: .snakemake/log/2025-03-20T135220.777676.snakemake.log
