Building DAG of jobs...
Using shell: /usr/bin/bash
Provided cores: 4
Rules claiming more threads will be scaled down.
Job stats:
job                   count
------------------  -------
add_closest_column        1
all                       1
length_histogram          1
plot_clustering           1
total                     4

Select jobs to execute...

[Wed Mar 19 15:30:34 2025]
rule add_closest_column:
    input: results/rubisco_dist_mat.tsv, results/rubisco_updated.csv
    output: results/rubisco_final.csv
    jobid: 52
    reason: Missing output files: results/rubisco_final.csv
    resources: tmpdir=/tmp


[Wed Mar 19 15:30:34 2025]
rule length_histogram:
    input: results/rubisco_updated.csv
    output: results/length_histogram.png
    jobid: 48
    reason: Missing output files: results/length_histogram.png
    resources: tmpdir=/tmp

[Wed Mar 19 15:30:34 2025]
Error in rule add_closest_column:
    jobid: 52
    input: results/rubisco_dist_mat.tsv, results/rubisco_updated.csv
    output: results/rubisco_final.csv
    shell:
        workflow/scripts/add_closest_column.py results/rubisco_dist_mat.tsv results/rubisco_updated.csv results/rubisco_final.csv --sort
        (one of the commands exited with non-zero exit code; note that snakemake uses bash strict mode!)

[Wed Mar 19 15:30:36 2025]
Finished job 48.
1 of 4 steps (25%) done
Shutting down, this might take some time.
Exiting because a job execution failed. Look above for error message
Complete log: .snakemake/log/2025-03-19T153034.009403.snakemake.log
