Building DAG of jobs...
Using shell: /usr/bin/bash
Provided cores: 4
Rules claiming more threads will be scaled down.
Job stats:
job                   count
------------------  -------
add_closest_column        1
add_origin_column         1
all                       1
fasta_to_csv              1
length_histogram          1
plot_clustering           1
total                     6

Select jobs to execute...

[Thu Mar 20 12:33:35 2025]
rule fasta_to_csv:
    input: results/rubisco_cleaned.fasta
    output: results/rubisco.csv
    jobid: 9
    reason: Missing output files: results/rubisco.csv
    resources: tmpdir=/tmp

[Thu Mar 20 12:33:35 2025]
Finished job 9.
1 of 6 steps (17%) done
Select jobs to execute...

[Thu Mar 20 12:33:35 2025]
rule add_origin_column:
    input: results/rubisco.csv
    output: results/rubisco_updated.csv
    jobid: 11
    reason: Missing output files: results/rubisco_updated.csv; Input files updated by another job: results/rubisco.csv
    resources: tmpdir=/tmp

[Thu Mar 20 12:33:36 2025]
Finished job 11.
2 of 6 steps (33%) done
Select jobs to execute...

[Thu Mar 20 12:33:36 2025]
rule length_histogram:
    input: results/rubisco_updated.csv
    output: results/length_histogram.png
    jobid: 10
    reason: Input files updated by another job: results/rubisco_updated.csv
    resources: tmpdir=/tmp


[Thu Mar 20 12:33:36 2025]
rule add_closest_column:
    input: results/rubisco_dist_mat.tsv, results/rubisco_updated.csv
    output: results/rubisco_final.csv
    jobid: 14
    reason: Missing output files: results/rubisco_final.csv; Input files updated by another job: results/rubisco_updated.csv
    resources: tmpdir=/tmp

[Thu Mar 20 12:33:36 2025]
Finished job 14.
3 of 6 steps (50%) done
Select jobs to execute...

[Thu Mar 20 12:33:36 2025]
rule plot_clustering:
    input: results/rubisco_dist_mat.tsv, results/rubisco_final.csv
    output: results/rubisco_clusters.png
    jobid: 13
    reason: Input files updated by another job: results/rubisco_final.csv
    resources: tmpdir=/tmp

[Thu Mar 20 12:33:37 2025]
Finished job 10.
4 of 6 steps (67%) done
[Thu Mar 20 12:33:37 2025]
Finished job 13.
5 of 6 steps (83%) done
Select jobs to execute...

[Thu Mar 20 12:33:37 2025]
localrule all:
    input: results/PCA_and_K-mean/pca_plot.png, results/PCA_and_K-mean/pca_plot_scree.png, results/PCA_and_K-mean/kmeans_plot_pca_with_clusters.png, results/tm_scores/tm_score_results.csv, results/confidence_scores/gen_confidence_scores.csv, results/confidence_scores/nat_confidence_scores.csv, results/boxplot.png, results/hydrophobicity_boxplot.png, resources/rubisco_sequences/nat.fa, results/rubisco.fasta, results/rubisco_cleaned.fasta, results/rubisco_filtering.log, results/rubisco.csv, results/length_histogram.png, results/rubisco_msa.fasta, results/rubisco_dist_mat.tsv, results/rubisco_clusters.png
    jobid: 0
    reason: Input files updated by another job: results/rubisco_clusters.png, results/length_histogram.png, results/rubisco.csv
    resources: tmpdir=/tmp

[Thu Mar 20 12:33:37 2025]
Finished job 0.
6 of 6 steps (100%) done
Complete log: .snakemake/log/2025-03-20T123335.298947.snakemake.log
