Building DAG of jobs...
Using shell: /usr/bin/bash
Provided cores: 4
Rules claiming more threads will be scaled down.
Job stats:
job                  count
-----------------  -------
all                      1
combine_sequences        1
score_sequences          1
total                    3

Select jobs to execute...

[Fri Apr  4 15:31:49 2025]
rule combine_sequences:
    input: results/hydrophobicity_results.csv, results/pI_results.csv, results/molecular_weight.csv, results/tm_scores/tm_score_gen_seq.csv, results/stability.csv
    output: results/final_results.csv
    jobid: 1
    reason: Updated input files: results/tm_scores/tm_score_gen_seq.csv, results/stability.csv
    resources: tmpdir=/tmp

[Fri Apr  4 15:31:49 2025]
Finished job 1.
1 of 3 steps (33%) done
Select jobs to execute...

[Fri Apr  4 15:31:49 2025]
rule score_sequences:
    input: results/final_results.csv
    output: results/weighted_results.csv
    jobid: 2
    reason: Input files updated by another job: results/final_results.csv
    resources: tmpdir=/tmp

[Fri Apr  4 15:31:50 2025]
Error in rule score_sequences:
    jobid: 2
    input: results/final_results.csv
    output: results/weighted_results.csv
    shell:
        python workflow/scripts/weighted_sum.py results/final_results.csv results/weighted_results.csv --a -1.2 --b -0.8 --c -0.001 --d -0.001 --e 2.0 --f 6.5
        (one of the commands exited with non-zero exit code; note that snakemake uses bash strict mode!)

Shutting down, this might take some time.
Exiting because a job execution failed. Look above for error message
Complete log: .snakemake/log/2025-04-04T153149.297492.snakemake.log
