Building DAG of jobs...
Using shell: /usr/bin/bash
Provided cores: 4
Rules claiming more threads will be scaled down.
Job stats:
job                             count
----------------------------  -------
all                                 1
plot_molecular_weight_length        1
total                               2

Select jobs to execute...

[Thu Mar 20 14:07:20 2025]
rule plot_molecular_weight_length:
    input: results/molecular_weight.csv
    output: results/molecular_weight_analysis_molecular_weight_boxplot.png, results/molecular_weight_analysis_molecular_weight_histogram.png, results/molecular_weight_analysis_sequence_length_boxplot.png, results/molecular_weight_analysis_scatterplot.png
    jobid: 16
    reason: Missing output files: results/molecular_weight_analysis_molecular_weight_boxplot.png, results/molecular_weight_analysis_molecular_weight_histogram.png, results/molecular_weight_analysis_sequence_length_boxplot.png, results/molecular_weight_analysis_scatterplot.png
    resources: tmpdir=/tmp

[Thu Mar 20 14:07:22 2025]
Finished job 16.
1 of 2 steps (50%) done
Select jobs to execute...

[Thu Mar 20 14:07:22 2025]
localrule all:
    input: results/PCA_and_K-mean/pca_plot.png, results/PCA_and_K-mean/pca_plot_scree.png, results/PCA_and_K-mean/kmeans_plot_pca_with_clusters.png, results/tm_scores/tm_score_results.csv, results/confidence_scores/gen_confidence_scores.csv, results/confidence_scores/nat_confidence_scores.csv, results/boxplot.png, results/hydrophobicity_boxplot.png, resources/rubisco_sequences/nat.fa, results/rubisco.fasta, results/rubisco_cleaned.fasta, results/rubisco_filtering.log, results/rubisco.csv, results/length_histogram.png, results/rubisco_msa.fasta, results/rubisco_dist_mat.tsv, results/rubisco_clusters.png, results/molecular_weight.csv, results/molecular_weight_analysis_molecular_weight_boxplot.png, results/molecular_weight_analysis_molecular_weight_histogram.png, results/molecular_weight_analysis_sequence_length_boxplot.png, results/molecular_weight_analysis_scatterplot.png
    jobid: 0
    reason: Input files updated by another job: results/molecular_weight_analysis_scatterplot.png, results/molecular_weight_analysis_molecular_weight_histogram.png, results/molecular_weight_analysis_molecular_weight_boxplot.png, results/molecular_weight_analysis_sequence_length_boxplot.png
    resources: tmpdir=/tmp

[Thu Mar 20 14:07:22 2025]
Finished job 0.
2 of 2 steps (100%) done
Complete log: .snakemake/log/2025-03-20T140720.380106.snakemake.log
