Building DAG of jobs...
Using shell: /usr/bin/bash
Provided cores: 1 (use --cores to define parallelism)
Rules claiming more threads will be scaled down.
Job stats:
job              count
-------------  -------
all                  1
merge_metrics        1
total                2

Select jobs to execute...

[Wed Mar 26 13:59:27 2025]
rule merge_metrics:
    input: results/pI_results.csv, results/hydrophobicity_results.csv, results/tm_scores/tm_score_results.csv, results/molecular_weight.csv
    output: merged_metrics.csv
    jobid: 1
    reason: Missing output files: merged_metrics.csv
    resources: tmpdir=/tmp

[Wed Mar 26 13:59:27 2025]
Error in rule merge_metrics:
    jobid: 1
    input: results/pI_results.csv, results/hydrophobicity_results.csv, results/tm_scores/tm_score_results.csv, results/molecular_weight.csv
    output: merged_metrics.csv
    shell:
        
        python workflow/scripts/apply_function.py             --files results/pI_results.csv results/hydrophobicity_results.csv results/tm_scores/tm_score_results.csv results/molecular_weight.csv             --keys "ID" "ID" "PDB File" "Sequence_ID"             --metrics pI_results hydrophobicity_results tm_score_results molecular_weight             --output merged_metrics.csv
        
        (one of the commands exited with non-zero exit code; note that snakemake uses bash strict mode!)

Shutting down, this might take some time.
Exiting because a job execution failed. Look above for error message
Complete log: .snakemake/log/2025-03-26T135927.044414.snakemake.log
