Building DAG of jobs...
Using shell: /usr/bin/bash
Provided cores: 4
Rules claiming more threads will be scaled down.
Job stats:
job                    count
-------------------  -------
all                        1
run_dmpfold_per_seq       20
split_aln                 20
total                     41

Select jobs to execute...

[Tue Mar 18 20:57:10 2025]
rule split_aln:
    input: results/gen_aln_file.aln
    output: results/gen_targets/seq7.aln
    jobid: 38
    reason: Missing output files: results/gen_targets/seq7.aln
    wildcards: sample=gen, seq=7
    resources: tmpdir=/tmp


[Tue Mar 18 20:57:10 2025]
rule split_aln:
    input: results/gen_aln_file.aln
    output: results/gen_targets/seq2.aln
    jobid: 28
    reason: Missing output files: results/gen_targets/seq2.aln
    wildcards: sample=gen, seq=2
    resources: tmpdir=/tmp


[Tue Mar 18 20:57:10 2025]
rule split_aln:
    input: results/nat_aln_file.aln
    output: results/nat_targets/seq8.aln
    jobid: 18
    reason: Missing output files: results/nat_targets/seq8.aln
    wildcards: sample=nat, seq=8
    resources: tmpdir=/tmp


[Tue Mar 18 20:57:10 2025]
rule split_aln:
    input: results/gen_aln_file.aln
    output: results/gen_targets/seq1.aln
    jobid: 24
    reason: Missing output files: results/gen_targets/seq1.aln
    wildcards: sample=gen, seq=1
    resources: tmpdir=/tmp

Warning: the following output files of rule split_aln were not present when the DAG was created:
{'results/gen_targets/seq1.aln'}
[Tue Mar 18 20:57:10 2025]
Finished job 38.
1 of 41 steps (2%) done
[Tue Mar 18 20:57:10 2025]
Finished job 28.
2 of 41 steps (5%) done
Select jobs to execute...

[Tue Mar 18 20:57:10 2025]
rule split_aln:
    input: results/nat_aln_file.aln
    output: results/nat_targets/seq1.aln
    jobid: 2
    reason: Missing output files: results/nat_targets/seq1.aln
    wildcards: sample=nat, seq=1
    resources: tmpdir=/tmp

Warning: the following output files of rule split_aln were not present when the DAG was created:
{'results/nat_targets/seq1.aln'}

[Tue Mar 18 20:57:10 2025]
rule split_aln:
    input: results/gen_aln_file.aln
    output: results/gen_targets/seq3.aln
    jobid: 30
    reason: Missing output files: results/gen_targets/seq3.aln
    wildcards: sample=gen, seq=3
    resources: tmpdir=/tmp

Warning: the following output files of rule split_aln were not present when the DAG was created:
{'results/gen_targets/seq3.aln'}
[Tue Mar 18 20:57:10 2025]
Finished job 18.
3 of 41 steps (7%) done
[Tue Mar 18 20:57:10 2025]
Finished job 24.
4 of 41 steps (10%) done
Select jobs to execute...

[Tue Mar 18 20:57:10 2025]
rule split_aln:
    input: results/gen_aln_file.aln
    output: results/gen_targets/seq10.aln
    jobid: 44
    reason: Missing output files: results/gen_targets/seq10.aln
    wildcards: sample=gen, seq=10
    resources: tmpdir=/tmp

Warning: the following output files of rule split_aln were not present when the DAG was created:
{'results/gen_targets/seq10.aln'}

[Tue Mar 18 20:57:10 2025]
rule run_dmpfold_per_seq:
    input: results/nat_targets/seq8.aln
    output: results/nat_models/model_nat_seq8.pdb
    jobid: 17
    reason: Missing output files: results/nat_models/model_nat_seq8.pdb; Input files updated by another job: results/nat_targets/seq8.aln
    wildcards: sample=nat, seq=8
    resources: tmpdir=/tmp

[Tue Mar 18 20:57:10 2025]
Finished job 2.
5 of 41 steps (12%) done
[Tue Mar 18 20:57:10 2025]
Finished job 30.
6 of 41 steps (15%) done
Select jobs to execute...

[Tue Mar 18 20:57:10 2025]
rule run_dmpfold_per_seq:
    input: results/gen_targets/seq3.aln
    output: results/gen_models/model_gen_seq3.pdb
    jobid: 29
    reason: Missing output files: results/gen_models/model_gen_seq3.pdb; Input files updated by another job: results/gen_targets/seq3.aln
    wildcards: sample=gen, seq=3
    resources: tmpdir=/tmp


[Tue Mar 18 20:57:10 2025]
rule run_dmpfold_per_seq:
    input: results/nat_targets/seq1.aln
    output: results/nat_models/model_nat_seq1.pdb
    jobid: 1
    reason: Missing output files: results/nat_models/model_nat_seq1.pdb; Input files updated by another job: results/nat_targets/seq1.aln
    wildcards: sample=nat, seq=1
    resources: tmpdir=/tmp

[Tue Mar 18 20:57:10 2025]
Finished job 44.
7 of 41 steps (17%) done
Select jobs to execute...

[Tue Mar 18 20:57:10 2025]
rule split_aln:
    input: results/gen_aln_file.aln
    output: results/gen_targets/seq6.aln
    jobid: 36
    reason: Missing output files: results/gen_targets/seq6.aln
    wildcards: sample=gen, seq=6
    resources: tmpdir=/tmp

Warning: the following output files of rule split_aln were not present when the DAG was created:
{'results/gen_targets/seq6.aln'}
Select jobs to execute...
[Tue Mar 18 20:57:10 2025]
Finished job 36.
8 of 41 steps (20%) done

[Tue Mar 18 20:57:10 2025]
rule split_aln:
    input: results/nat_aln_file.aln
    output: results/nat_targets/seq3.aln
    jobid: 8
    reason: Missing output files: results/nat_targets/seq3.aln
    wildcards: sample=nat, seq=3
    resources: tmpdir=/tmp

Warning: the following output files of rule split_aln were not present when the DAG was created:
{'results/nat_targets/seq3.aln'}
[Tue Mar 18 20:57:10 2025]
Finished job 8.
9 of 41 steps (22%) done
Select jobs to execute...

[Tue Mar 18 20:57:10 2025]
rule run_dmpfold_per_seq:
    input: results/nat_targets/seq3.aln
    output: results/nat_models/model_nat_seq3.pdb
    jobid: 7
    reason: Missing output files: results/nat_models/model_nat_seq3.pdb; Input files updated by another job: results/nat_targets/seq3.aln
    wildcards: sample=nat, seq=3
    resources: tmpdir=/tmp

[Tue Mar 18 21:00:29 2025]
Finished job 17.
10 of 41 steps (24%) done
Select jobs to execute...

[Tue Mar 18 21:00:29 2025]
rule split_aln:
    input: results/nat_aln_file.aln
    output: results/nat_targets/seq10.aln
    jobid: 22
    reason: Missing output files: results/nat_targets/seq10.aln
    wildcards: sample=nat, seq=10
    resources: tmpdir=/tmp

Warning: the following output files of rule split_aln were not present when the DAG was created:
{'results/nat_targets/seq10.aln'}
[Tue Mar 18 21:00:29 2025]
Finished job 22.
11 of 41 steps (27%) done
Select jobs to execute...

[Tue Mar 18 21:00:29 2025]
rule run_dmpfold_per_seq:
    input: results/nat_targets/seq10.aln
    output: results/nat_models/model_nat_seq10.pdb
    jobid: 21
    reason: Missing output files: results/nat_models/model_nat_seq10.pdb; Input files updated by another job: results/nat_targets/seq10.aln
    wildcards: sample=nat, seq=10
    resources: tmpdir=/tmp

[Tue Mar 18 21:00:29 2025]
Finished job 7.
12 of 41 steps (29%) done
Select jobs to execute...

[Tue Mar 18 21:00:29 2025]
rule split_aln:
    input: results/nat_aln_file.aln
    output: results/nat_targets/seq9.aln
    jobid: 20
    reason: Missing output files: results/nat_targets/seq9.aln
    wildcards: sample=nat, seq=9
    resources: tmpdir=/tmp

Warning: the following output files of rule split_aln were not present when the DAG was created:
{'results/nat_targets/seq9.aln'}
[Tue Mar 18 21:00:29 2025]
Finished job 20.
13 of 41 steps (32%) done
Select jobs to execute...

[Tue Mar 18 21:00:29 2025]
rule split_aln:
    input: results/gen_aln_file.aln
    output: results/gen_targets/seq5.aln
    jobid: 34
    reason: Missing output files: results/gen_targets/seq5.aln
    wildcards: sample=gen, seq=5
    resources: tmpdir=/tmp

Warning: the following output files of rule split_aln were not present when the DAG was created:
{'results/gen_targets/seq5.aln'}
[Tue Mar 18 21:00:29 2025]
Finished job 34.
14 of 41 steps (34%) done
Select jobs to execute...

[Tue Mar 18 21:00:29 2025]
rule split_aln:
    input: results/nat_aln_file.aln
    output: results/nat_targets/seq2.aln
    jobid: 6
    reason: Missing output files: results/nat_targets/seq2.aln
    wildcards: sample=nat, seq=2
    resources: tmpdir=/tmp

Warning: the following output files of rule split_aln were not present when the DAG was created:
{'results/nat_targets/seq2.aln'}
[Tue Mar 18 21:00:29 2025]
Finished job 6.
15 of 41 steps (37%) done
Select jobs to execute...

[Tue Mar 18 21:00:30 2025]
rule split_aln:
    input: results/gen_aln_file.aln
    output: results/gen_targets/seq4.aln
    jobid: 32
    reason: Missing output files: results/gen_targets/seq4.aln
    wildcards: sample=gen, seq=4
    resources: tmpdir=/tmp

Warning: the following output files of rule split_aln were not present when the DAG was created:
{'results/gen_targets/seq4.aln'}
[Tue Mar 18 21:00:30 2025]
Finished job 32.
16 of 41 steps (39%) done
Select jobs to execute...

[Tue Mar 18 21:00:30 2025]
rule run_dmpfold_per_seq:
    input: results/gen_targets/seq1.aln
    output: results/gen_models/model_gen_seq1.pdb
    jobid: 23
    reason: Missing output files: results/gen_models/model_gen_seq1.pdb; Input files updated by another job: results/gen_targets/seq1.aln
    wildcards: sample=gen, seq=1
    resources: tmpdir=/tmp

[Tue Mar 18 21:00:40 2025]
Finished job 1.
17 of 41 steps (41%) done
Select jobs to execute...

[Tue Mar 18 21:00:40 2025]
rule run_dmpfold_per_seq:
    input: results/gen_targets/seq7.aln
    output: results/gen_models/model_gen_seq7.pdb
    jobid: 37
    reason: Missing output files: results/gen_models/model_gen_seq7.pdb; Input files updated by another job: results/gen_targets/seq7.aln
    wildcards: sample=gen, seq=7
    resources: tmpdir=/tmp

[Tue Mar 18 21:00:40 2025]
Finished job 29.
18 of 41 steps (44%) done
Select jobs to execute...

[Tue Mar 18 21:00:40 2025]
rule run_dmpfold_per_seq:
    input: results/nat_targets/seq9.aln
    output: results/nat_models/model_nat_seq9.pdb
    jobid: 19
    reason: Missing output files: results/nat_models/model_nat_seq9.pdb; Input files updated by another job: results/nat_targets/seq9.aln
    wildcards: sample=nat, seq=9
    resources: tmpdir=/tmp

[Tue Mar 18 21:03:12 2025]
Finished job 23.
19 of 41 steps (46%) done
Select jobs to execute...

[Tue Mar 18 21:03:12 2025]
rule run_dmpfold_per_seq:
    input: results/gen_targets/seq10.aln
    output: results/gen_models/model_gen_seq10.pdb
    jobid: 43
    reason: Missing output files: results/gen_models/model_gen_seq10.pdb; Input files updated by another job: results/gen_targets/seq10.aln
    wildcards: sample=gen, seq=10
    resources: tmpdir=/tmp

[Tue Mar 18 21:03:12 2025]
Finished job 37.
20 of 41 steps (49%) done
Select jobs to execute...

[Tue Mar 18 21:03:12 2025]
rule run_dmpfold_per_seq:
    input: results/gen_targets/seq4.aln
    output: results/gen_models/model_gen_seq4.pdb
    jobid: 31
    reason: Missing output files: results/gen_models/model_gen_seq4.pdb; Input files updated by another job: results/gen_targets/seq4.aln
    wildcards: sample=gen, seq=4
    resources: tmpdir=/tmp

[Tue Mar 18 21:03:48 2025]
Finished job 21.
21 of 41 steps (51%) done
Select jobs to execute...

[Tue Mar 18 21:03:48 2025]
rule run_dmpfold_per_seq:
    input: results/nat_targets/seq2.aln
    output: results/nat_models/model_nat_seq2.pdb
    jobid: 5
    reason: Missing output files: results/nat_models/model_nat_seq2.pdb; Input files updated by another job: results/nat_targets/seq2.aln
    wildcards: sample=nat, seq=2
    resources: tmpdir=/tmp

[Tue Mar 18 21:04:00 2025]
Finished job 19.
22 of 41 steps (54%) done
Select jobs to execute...

[Tue Mar 18 21:04:00 2025]
rule run_dmpfold_per_seq:
    input: results/gen_targets/seq5.aln
    output: results/gen_models/model_gen_seq5.pdb
    jobid: 33
    reason: Missing output files: results/gen_models/model_gen_seq5.pdb; Input files updated by another job: results/gen_targets/seq5.aln
    wildcards: sample=gen, seq=5
    resources: tmpdir=/tmp

[Tue Mar 18 21:06:42 2025]
Finished job 43.
23 of 41 steps (56%) done
Select jobs to execute...

[Tue Mar 18 21:06:42 2025]
rule run_dmpfold_per_seq:
    input: results/gen_targets/seq2.aln
    output: results/gen_models/model_gen_seq2.pdb
    jobid: 27
    reason: Missing output files: results/gen_models/model_gen_seq2.pdb; Input files updated by another job: results/gen_targets/seq2.aln
    wildcards: sample=gen, seq=2
    resources: tmpdir=/tmp

[Tue Mar 18 21:06:42 2025]
Finished job 31.
24 of 41 steps (59%) done
Select jobs to execute...

[Tue Mar 18 21:06:42 2025]
rule split_aln:
    input: results/nat_aln_file.aln
    output: results/nat_targets/seq7.aln
    jobid: 16
    reason: Missing output files: results/nat_targets/seq7.aln
    wildcards: sample=nat, seq=7
    resources: tmpdir=/tmp

Warning: the following output files of rule split_aln were not present when the DAG was created:
{'results/nat_targets/seq7.aln'}
[Tue Mar 18 21:06:42 2025]
Finished job 16.
25 of 41 steps (61%) done
Select jobs to execute...

[Tue Mar 18 21:06:42 2025]
rule run_dmpfold_per_seq:
    input: results/nat_targets/seq7.aln
    output: results/nat_models/model_nat_seq7.pdb
    jobid: 15
    reason: Missing output files: results/nat_models/model_nat_seq7.pdb; Input files updated by another job: results/nat_targets/seq7.aln
    wildcards: sample=nat, seq=7
    resources: tmpdir=/tmp

[Tue Mar 18 21:07:12 2025]
Finished job 5.
26 of 41 steps (63%) done
Select jobs to execute...

[Tue Mar 18 21:07:12 2025]
rule split_aln:
    input: results/gen_aln_file.aln
    output: results/gen_targets/seq9.aln
    jobid: 42
    reason: Missing output files: results/gen_targets/seq9.aln
    wildcards: sample=gen, seq=9
    resources: tmpdir=/tmp

Warning: the following output files of rule split_aln were not present when the DAG was created:
{'results/gen_targets/seq9.aln'}
[Tue Mar 18 21:07:12 2025]
Finished job 42.
27 of 41 steps (66%) done
Select jobs to execute...

[Tue Mar 18 21:07:12 2025]
rule run_dmpfold_per_seq:
    input: results/gen_targets/seq9.aln
    output: results/gen_models/model_gen_seq9.pdb
    jobid: 41
    reason: Missing output files: results/gen_models/model_gen_seq9.pdb; Input files updated by another job: results/gen_targets/seq9.aln
    wildcards: sample=gen, seq=9
    resources: tmpdir=/tmp

[Tue Mar 18 21:07:24 2025]
Finished job 33.
28 of 41 steps (68%) done
Select jobs to execute...

[Tue Mar 18 21:07:24 2025]
rule split_aln:
    input: results/nat_aln_file.aln
    output: results/nat_targets/seq6.aln
    jobid: 14
    reason: Missing output files: results/nat_targets/seq6.aln
    wildcards: sample=nat, seq=6
    resources: tmpdir=/tmp

Warning: the following output files of rule split_aln were not present when the DAG was created:
{'results/nat_targets/seq6.aln'}
[Tue Mar 18 21:07:24 2025]
Finished job 14.
29 of 41 steps (71%) done
Select jobs to execute...

[Tue Mar 18 21:07:24 2025]
rule run_dmpfold_per_seq:
    input: results/nat_targets/seq6.aln
    output: results/nat_models/model_nat_seq6.pdb
    jobid: 13
    reason: Missing output files: results/nat_models/model_nat_seq6.pdb; Input files updated by another job: results/nat_targets/seq6.aln
    wildcards: sample=nat, seq=6
    resources: tmpdir=/tmp

[Tue Mar 18 21:10:02 2025]
Finished job 15.
30 of 41 steps (73%) done
Select jobs to execute...

[Tue Mar 18 21:10:03 2025]
rule split_aln:
    input: results/nat_aln_file.aln
    output: results/nat_targets/seq4.aln
    jobid: 10
    reason: Missing output files: results/nat_targets/seq4.aln
    wildcards: sample=nat, seq=4
    resources: tmpdir=/tmp

Warning: the following output files of rule split_aln were not present when the DAG was created:
{'results/nat_targets/seq4.aln'}
[Tue Mar 18 21:10:03 2025]
Finished job 10.
31 of 41 steps (76%) done
Select jobs to execute...

[Tue Mar 18 21:10:03 2025]
rule run_dmpfold_per_seq:
    input: results/nat_targets/seq4.aln
    output: results/nat_models/model_nat_seq4.pdb
    jobid: 9
    reason: Missing output files: results/nat_models/model_nat_seq4.pdb; Input files updated by another job: results/nat_targets/seq4.aln
    wildcards: sample=nat, seq=4
    resources: tmpdir=/tmp

[Tue Mar 18 21:10:11 2025]
Finished job 27.
32 of 41 steps (78%) done
Select jobs to execute...

[Tue Mar 18 21:10:11 2025]
rule split_aln:
    input: results/gen_aln_file.aln
    output: results/gen_targets/seq8.aln
    jobid: 40
    reason: Missing output files: results/gen_targets/seq8.aln
    wildcards: sample=gen, seq=8
    resources: tmpdir=/tmp

Warning: the following output files of rule split_aln were not present when the DAG was created:
{'results/gen_targets/seq8.aln'}
[Tue Mar 18 21:10:11 2025]
Finished job 40.
33 of 41 steps (80%) done
Select jobs to execute...

[Tue Mar 18 21:10:11 2025]
rule run_dmpfold_per_seq:
    input: results/gen_targets/seq8.aln
    output: results/gen_models/model_gen_seq8.pdb
    jobid: 39
    reason: Missing output files: results/gen_models/model_gen_seq8.pdb; Input files updated by another job: results/gen_targets/seq8.aln
    wildcards: sample=gen, seq=8
    resources: tmpdir=/tmp

[Tue Mar 18 21:10:42 2025]
Finished job 41.
34 of 41 steps (83%) done
Select jobs to execute...

[Tue Mar 18 21:10:42 2025]
rule split_aln:
    input: results/nat_aln_file.aln
    output: results/nat_targets/seq5.aln
    jobid: 12
    reason: Missing output files: results/nat_targets/seq5.aln
    wildcards: sample=nat, seq=5
    resources: tmpdir=/tmp

Warning: the following output files of rule split_aln were not present when the DAG was created:
{'results/nat_targets/seq5.aln'}
[Tue Mar 18 21:10:42 2025]
Finished job 12.
35 of 41 steps (85%) done
Select jobs to execute...

[Tue Mar 18 21:10:42 2025]
rule run_dmpfold_per_seq:
    input: results/gen_targets/seq6.aln
    output: results/gen_models/model_gen_seq6.pdb
    jobid: 35
    reason: Missing output files: results/gen_models/model_gen_seq6.pdb; Input files updated by another job: results/gen_targets/seq6.aln
    wildcards: sample=gen, seq=6
    resources: tmpdir=/tmp

[Tue Mar 18 21:10:44 2025]
Finished job 13.
36 of 41 steps (88%) done
Select jobs to execute...

[Tue Mar 18 21:10:44 2025]
rule run_dmpfold_per_seq:
    input: results/nat_targets/seq5.aln
    output: results/nat_models/model_nat_seq5.pdb
    jobid: 11
    reason: Missing output files: results/nat_models/model_nat_seq5.pdb; Input files updated by another job: results/nat_targets/seq5.aln
    wildcards: sample=nat, seq=5
    resources: tmpdir=/tmp

[Tue Mar 18 21:13:23 2025]
Finished job 9.
37 of 41 steps (90%) done
[Tue Mar 18 21:13:41 2025]
Finished job 39.
38 of 41 steps (93%) done
[Tue Mar 18 21:14:05 2025]
Finished job 11.
39 of 41 steps (95%) done
[Tue Mar 18 21:14:06 2025]
Finished job 35.
40 of 41 steps (98%) done
Select jobs to execute...

[Tue Mar 18 21:14:06 2025]
localrule all:
    input: results/nat_models/model_nat_seq1.pdb, results/nat_models/model_nat_seq2.pdb, results/nat_models/model_nat_seq3.pdb, results/nat_models/model_nat_seq4.pdb, results/nat_models/model_nat_seq5.pdb, results/nat_models/model_nat_seq6.pdb, results/nat_models/model_nat_seq7.pdb, results/nat_models/model_nat_seq8.pdb, results/nat_models/model_nat_seq9.pdb, results/nat_models/model_nat_seq10.pdb, results/gen_models/model_gen_seq1.pdb, results/gen_models/model_gen_seq2.pdb, results/gen_models/model_gen_seq3.pdb, results/gen_models/model_gen_seq4.pdb, results/gen_models/model_gen_seq5.pdb, results/gen_models/model_gen_seq6.pdb, results/gen_models/model_gen_seq7.pdb, results/gen_models/model_gen_seq8.pdb, results/gen_models/model_gen_seq9.pdb, results/gen_models/model_gen_seq10.pdb
    jobid: 0
    reason: Input files updated by another job: results/gen_models/model_gen_seq7.pdb, results/nat_models/model_nat_seq2.pdb, results/nat_models/model_nat_seq8.pdb, results/nat_models/model_nat_seq1.pdb, results/gen_models/model_gen_seq4.pdb, results/nat_models/model_nat_seq4.pdb, results/gen_models/model_gen_seq6.pdb, results/nat_models/model_nat_seq6.pdb, results/nat_models/model_nat_seq10.pdb, results/gen_models/model_gen_seq10.pdb, results/nat_models/model_nat_seq5.pdb, results/gen_models/model_gen_seq1.pdb, results/nat_models/model_nat_seq3.pdb, results/gen_models/model_gen_seq3.pdb, results/gen_models/model_gen_seq9.pdb, results/gen_models/model_gen_seq5.pdb, results/gen_models/model_gen_seq8.pdb, results/gen_models/model_gen_seq2.pdb, results/nat_models/model_nat_seq7.pdb, results/nat_models/model_nat_seq9.pdb
    resources: tmpdir=/tmp

[Tue Mar 18 21:14:06 2025]
Finished job 0.
41 of 41 steps (100%) done
Complete log: .snakemake/log/2025-03-18T205710.195984.snakemake.log
