host: freya
Migrating .snakemake folder to new format...
Migration complete
Building DAG of jobs...
Using shell: /usr/bin/bash
Provided cores: 32
Rules claiming more threads will be scaled down.
Job stats:
job                          count
-------------------------  -------
all                              1
run_confidence_scores_gen        1
run_confidence_scores_nat        1
total                            3

Select jobs to execute...
Execute 2 jobs...

[Fri Mar 14 10:19:56 2025]
localrule run_confidence_scores_nat:
    input: results/nat_structures
    output: results/confidence_scores/nat_confidence_scores.csv
    jobid: 5
    reason: Updated input files: results/nat_structures
    resources: tmpdir=/tmp


[Fri Mar 14 10:19:56 2025]
localrule run_confidence_scores_gen:
    input: results/gen_structures
    output: results/confidence_scores/gen_confidence_scores.csv
    jobid: 4
    reason: Updated input files: results/gen_structures
    resources: tmpdir=/tmp

[Fri Mar 14 10:19:56 2025]
Finished job 5.
1 of 3 steps (33%) done
[Fri Mar 14 10:19:56 2025]
Finished job 4.
2 of 3 steps (67%) done
Select jobs to execute...
Execute 1 jobs...

[Fri Mar 14 10:19:56 2025]
localrule all:
    input: results/PCA_and_K-mean/pca_plot.png, results/PCA_and_K-mean/kmeans_plot_pca_with_clusters.png, results/tm_scores/tm_score_results.csv, results/confidence_scores/gen_confidence_scores.csv, results/confidence_scores/nat_confidence_scores.csv
    jobid: 0
    reason: Input files updated by another job: results/confidence_scores/nat_confidence_scores.csv, results/confidence_scores/gen_confidence_scores.csv
    resources: tmpdir=/tmp

[Fri Mar 14 10:19:56 2025]
Finished job 0.
3 of 3 steps (100%) done
Complete log: .snakemake/log/2025-03-14T101956.724217.snakemake.log
