Building DAG of jobs...
Using shell: /usr/bin/bash
Provided cores: 4
Rules claiming more threads will be scaled down.
Job stats:
job                             count
----------------------------  -------
all                                 1
plot_molecular_weight_length        1
total                               2

Select jobs to execute...

[Thu Mar 20 13:53:14 2025]
rule plot_molecular_weight_length:
    input: results/molecular_weight.csv
    output: results/molecular_weight_boxplot.png, results/molecular_weight_histogram.png, results/sequence_length_boxplot.png, results/scatterplot.png
    jobid: 16
    reason: Missing output files: results/scatterplot.png, results/sequence_length_boxplot.png, results/molecular_weight_boxplot.png, results/molecular_weight_histogram.png
    resources: tmpdir=/tmp

RuleException in rule plot_molecular_weight_length in file /home/emil/BB103X_final/Snakefile, line 210:
IndexError: list index out of range, when formatting the following:
python workflow/scripts/plot_molecular_weight_length.py {input} {output[0]} {output[1]} {output[2]} {output[4]}
