Building DAG of jobs...
Using shell: /usr/bin/bash
Provided cores: 4
Rules claiming more threads will be scaled down.
Job stats:
job                             count
----------------------------  -------
all                                 1
plot_molecular_weight_length        1
total                               2

Select jobs to execute...

[Thu Mar 20 13:30:25 2025]
rule plot_molecular_weight_length:
    input: results/molecular_weight.csv
    output: results/molecular_weight_boxplot.png, results/molecular_weight_histogram.png, results/sequence_length_boxplot.png, results/scatterplot.png
    jobid: 16
    reason: Missing output files: results/sequence_length_boxplot.png, results/molecular_weight_histogram.png, results/scatterplot.png, results/molecular_weight_boxplot.png
    resources: tmpdir=/tmp

Waiting at most 60 seconds for missing files.
MissingOutputException in rule plot_molecular_weight_length in file /home/emil/BB103X_final/Snakefile, line 210:
Job 16  completed successfully, but some output files are missing. Missing files after 60 seconds. This might be due to filesystem latency. If that is the case, consider to increase the wait time with --latency-wait:
results/molecular_weight_boxplot.png
results/molecular_weight_histogram.png
results/sequence_length_boxplot.png
results/scatterplot.png
Shutting down, this might take some time.
Exiting because a job execution failed. Look above for error message
Complete log: .snakemake/log/2025-03-20T133025.127817.snakemake.log
