host: freya
Building DAG of jobs...
Using shell: /usr/bin/bash
Provided cores: 32
Rules claiming more threads will be scaled down.
Job stats:
job        count
-------  -------
all            1
run_pca        1
total          2

Select jobs to execute...
Execute 1 jobs...

[Wed Mar 19 16:31:40 2025]
localrule run_pca:
    input: resources/rubisco_sequences/gen.fa, resources/rubisco_sequences/nat.fa
    output: results/PCA_and_K-mean/pca_plot.png, results/PCA_and_K-mean/pca_scree_plot.png
    jobid: 1
    reason: Missing output files: results/PCA_and_K-mean/pca_scree_plot.png
    resources: tmpdir=/tmp

RuleException:
CalledProcessError in file /home/moa/BB103X_final/Snakefile, line 69:
Command 'set -euo pipefail;  python workflow/scripts/PCA.py resources/rubisco_sequences/gen.fa resources/rubisco_sequences/nat.fa results/PCA_and_K-mean/pca_plot.png results/PCA_and_K-mean/pca_scree_plot.png' returned non-zero exit status 2.
[Wed Mar 19 16:31:41 2025]
Error in rule run_pca:
    jobid: 1
    input: resources/rubisco_sequences/gen.fa, resources/rubisco_sequences/nat.fa
    output: results/PCA_and_K-mean/pca_plot.png, results/PCA_and_K-mean/pca_scree_plot.png
    shell:
        python workflow/scripts/PCA.py resources/rubisco_sequences/gen.fa resources/rubisco_sequences/nat.fa results/PCA_and_K-mean/pca_plot.png results/PCA_and_K-mean/pca_scree_plot.png
        (one of the commands exited with non-zero exit code; note that snakemake uses bash strict mode!)

Shutting down, this might take some time.
Exiting because a job execution failed. Look above for error message
Complete log: .snakemake/log/2025-03-19T163140.492947.snakemake.log
WorkflowError:
At least one job did not complete successfully.
