host: freya
Building DAG of jobs...
Using shell: /usr/bin/bash
Provided cores: 1 (use --cores to define parallelism)
Rules claiming more threads will be scaled down.
Job stats:
job             count
------------  -------
all                 1
process_data        1
total               2

Select jobs to execute...
Execute 1 jobs...

[Sun Mar  2 15:27:38 2025]
localrule process_data:
    input: resources/raw_data.txt
    output: results/processed_data.txt
    jobid: 1
    reason: Forced execution
    resources: tmpdir=/tmp

RuleException in rule process_data in file /home/ahmad/BB103X_final/workflow/snakefile, line 5:
NameError: The name 'print $1, $2' is unknown in this context. Please make sure that you defined that variable. Also note that braces not used for variable access have to be escaped by repeating them, i.e. {{print $1}}, when formatting the following:
awk '{print $1, $2}' {input} > {output}
