Building DAG of jobs...
Using shell: /usr/bin/bash
Provided cores: 1 (use --cores to define parallelism)
Rules claiming more threads will be scaled down.
Conda environments: ignored
Job stats:
job      count
-----  -------
all          1
total        1

Select jobs to execute...

[Mon Mar 17 15:54:30 2025]
localrule all:
    jobid: 0
    reason: Forced execution
    resources: tmpdir=/tmp

[Mon Mar 17 15:54:30 2025]
Finished job 0.
1 of 1 steps (100%) done
Complete log: .snakemake/log/2025-03-17T155430.690901.snakemake.log
