Building DAG of jobs...
Using shell: /usr/bin/bash
Provided cores: 1 (use --cores to define parallelism)
Rules claiming more threads will be scaled down.
Job stats:
job           count
----------  -------
compute_pI        1
total             1

Select jobs to execute...

[Thu Feb 27 16:06:03 2025]
rule compute_pI:
    input: resources/dragon_radii_updated.fasta
    output: results/pI_results.csv
    jobid: 0
    reason: Forced execution
    resources: tmpdir=/tmp

set -e; echo 'Starting compute_pI'; python workflow/scripts/pI.py -i resources/dragon_radii_updated.fasta -o results/pI_results.csv; echo 'Finished compute_pI'
[Thu Feb 27 16:06:05 2025]
Finished job 0.
1 of 1 steps (100%) done
Complete log: .snakemake/log/2025-02-27T160603.043726.snakemake.log
