Building DAG of jobs...
Using shell: /usr/bin/bash
Provided cores: 1 (use --cores to define parallelism)
Rules claiming more threads will be scaled down.
Job stats:
job              count
-------------  -------
all                  1
apply_metrics        1
total                2

Select jobs to execute...

[Wed Mar 26 13:31:54 2025]
rule apply_metrics:
    input: results/pI_results.csv, results/hydrophobicity_results.csv, results/tm_scores/tm_score_results.csv, results/molecular_weight.csv
    output: metrics_output.csv
    jobid: 1
    reason: Missing output files: metrics_output.csv
    resources: tmpdir=/tmp

[Wed Mar 26 13:31:54 2025]
Error in rule apply_metrics:
    jobid: 1
    input: results/pI_results.csv, results/hydrophobicity_results.csv, results/tm_scores/tm_score_results.csv, results/molecular_weight.csv
    output: metrics_output.csv
    shell:
        
        python workflow/scripts/apply_function.py desired_function             --pI results/pI_results.csv             --hydrophobicity results/hydrophobicity_results.csv             --tm_score results/tm_scores/tm_score_results.csv             --molecular_weight results/molecular_weight.csv > metrics_output.csv
        
        (one of the commands exited with non-zero exit code; note that snakemake uses bash strict mode!)

Removing output files of failed job apply_metrics since they might be corrupted:
metrics_output.csv
Shutting down, this might take some time.
Exiting because a job execution failed. Look above for error message
Complete log: .snakemake/log/2025-03-26T133153.932849.snakemake.log
