Building DAG of jobs...
Using shell: /usr/bin/bash
Provided cores: 1 (use --cores to define parallelism)
Rules claiming more threads will be scaled down.
Job stats:
job            count
-----------  -------
all                1
create_test        1
total              2

Select jobs to execute...

[Thu Feb 27 15:55:25 2025]
rule create_test:
    output: test.txt
    jobid: 1
    reason: Missing output files: test.txt
    resources: tmpdir=/tmp

echo 'Hello world' > test.txt
[Thu Feb 27 15:55:25 2025]
Finished job 1.
1 of 2 steps (50%) done
Select jobs to execute...

[Thu Feb 27 15:55:25 2025]
localrule all:
    input: test.txt
    jobid: 0
    reason: Input files updated by another job: test.txt
    resources: tmpdir=/tmp

[Thu Feb 27 15:55:25 2025]
Finished job 0.
2 of 2 steps (100%) done
Complete log: .snakemake/log/2025-02-27T155524.781716.snakemake.log
