Building DAG of jobs...
Using shell: /usr/bin/bash
Provided cores: 1 (use --cores to define parallelism)
Rules claiming more threads will be scaled down.
Conda environments: ignored
Job stats:
job            count
-----------  -------
all                1
run_dmpfold        2
total              3

Select jobs to execute...

[Mon Mar 17 16:17:00 2025]
rule run_dmpfold:
    input: results/nat_aln_file.aln
    output: results/nat_model_1.pdb
    jobid: 1
    reason: Missing output files: results/nat_model_1.pdb
    wildcards: sample=nat
    resources: tmpdir=/tmp

[Mon Mar 17 16:49:56 2025]
Finished job 1.
1 of 3 steps (33%) done
Select jobs to execute...

[Mon Mar 17 16:49:56 2025]
rule run_dmpfold:
    input: results/gen_aln_file.aln
    output: results/gen_model_1.pdb
    jobid: 4
    reason: Missing output files: results/gen_model_1.pdb
    wildcards: sample=gen
    resources: tmpdir=/tmp

[Mon Mar 17 17:22:14 2025]
Finished job 4.
2 of 3 steps (67%) done
Select jobs to execute...

[Mon Mar 17 17:22:14 2025]
localrule all:
    input: results/nat_model_1.pdb, results/gen_model_1.pdb
    jobid: 0
    reason: Input files updated by another job: results/gen_model_1.pdb, results/nat_model_1.pdb
    resources: tmpdir=/tmp

[Mon Mar 17 17:22:14 2025]
Finished job 0.
3 of 3 steps (100%) done
Complete log: .snakemake/log/2025-03-17T161700.343145.snakemake.log
