Building DAG of jobs...
Using shell: /usr/bin/bash
Provided cores: 32
Rules claiming more threads will be scaled down.
Job stats:
job                    count
-------------------  -------
all                        1
convert_fasta_upper        1
fasta_to_aln               1
run_dmpfold                1
total                      4

Select jobs to execute...

[Sun Mar 16 16:35:32 2025]
rule convert_fasta_upper:
    input: resources/rubisco_sequences/gen.fa
    output: results/gen_upper.fa
    jobid: 3
    reason: Missing output files: results/gen_upper.fa
    resources: tmpdir=/tmp

[Sun Mar 16 16:35:32 2025]
Error in rule convert_fasta_upper:
    jobid: 3
    input: resources/rubisco_sequences/gen.fa
    output: results/gen_upper.fa
    shell:
        python scripts/convert_fasta_upper.py resources/rubisco_sequences/gen.fa results/gen_upper.fa
        (one of the commands exited with non-zero exit code; note that snakemake uses bash strict mode!)

Shutting down, this might take some time.
Exiting because a job execution failed. Look above for error message
Complete log: .snakemake/log/2025-03-16T163531.902630.snakemake.log
