Building DAG of jobs...
Using shell: /usr/bin/bash
Provided cores: 1 (use --cores to define parallelism)
Rules claiming more threads will be scaled down.
Job stats:
job                count
---------------  -------
all                    1
run_dmpfold_nat        1
total                  2

Select jobs to execute...

[Mon Mar 17 14:27:32 2025]
rule run_dmpfold_nat:
    input: results/nat_aln_file.aln
    output: results/z5_models_natural/model_1.pdb
    jobid: 1
    reason: Missing output files: results/z5_models_natural/model_1.pdb
    resources: tmpdir=/tmp

Terminating processes on user request, this might take some time.
[Mon Mar 17 14:31:08 2025]
Error in rule run_dmpfold_nat:
    jobid: 1
    input: results/nat_aln_file.aln
    output: results/z5_models_natural/model_1.pdb
    shell:
        mkdir -p results/z4_targets_natural results/z5_models_natural && python workflow/scripts/run_dmpfold2.py results/nat_aln_file.aln --target_dir results/z4_targets_natural --model_dir results/z5_models_natural
        (one of the commands exited with non-zero exit code; note that snakemake uses bash strict mode!)

Complete log: .snakemake/log/2025-03-17T142732.059928.snakemake.log
