Building DAG of jobs...
Using shell: /usr/bin/bash
Provided cores: 1 (use --cores to define parallelism)
Rules claiming more threads will be scaled down.
Job stats:
job           count
----------  -------
all               1
compute_pI        1
total             2

Select jobs to execute...

[Sun Mar  9 21:05:07 2025]
rule compute_pI:
    input: z1_resources/gen+nat.fasta
    output: results/pI_results.csv
    jobid: 1
    reason: Missing output files: results/pI_results.csv
    resources: tmpdir=/tmp

[Sun Mar  9 21:05:07 2025]
Finished job 1.
1 of 2 steps (50%) done
Select jobs to execute...

[Sun Mar  9 21:05:07 2025]
localrule all:
    input: results/pI_results.csv
    jobid: 0
    reason: Input files updated by another job: results/pI_results.csv
    resources: tmpdir=/tmp

[Sun Mar  9 21:05:07 2025]
Finished job 0.
2 of 2 steps (100%) done
Complete log: .snakemake/log/2025-03-09T210507.030341.snakemake.log
