host: freya
Building DAG of jobs...
Using shell: /usr/bin/bash
Provided cores: 32
Rules claiming more threads will be scaled down.
Job stats:
job        count
-------  -------
all            1
run_pca        1
total          2

Select jobs to execute...
Execute 1 jobs...

[Wed Mar 19 16:33:16 2025]
localrule run_pca:
    input: resources/rubisco_sequences/gen.fa, resources/rubisco_sequences/nat.fa
    output: results/PCA_and_K-mean/pca_plot.png, results/PCA_and_K-mean/pca_scree_plot.png
    jobid: 1
    reason: Missing output files: results/PCA_and_K-mean/pca_plot.png, results/PCA_and_K-mean/pca_scree_plot.png; Code has changed since last execution
    resources: tmpdir=/tmp

Waiting at most 5 seconds for missing files:
results/PCA_and_K-mean/pca_scree_plot.png (missing locally)
MissingOutputException in rule run_pca in file /home/moa/BB103X_final/Snakefile, line 61:
Job 1  completed successfully, but some output files are missing. Missing files after 5 seconds. This might be due to filesystem latency. If that is the case, consider to increase the wait time with --latency-wait:
results/PCA_and_K-mean/pca_scree_plot.png (missing locally, parent dir contents: kmeans_plot_pca_with_clusters.png, pca_plot.png, pca_plot_scree.png)
Removing output files of failed job run_pca since they might be corrupted:
results/PCA_and_K-mean/pca_plot.png
Shutting down, this might take some time.
Exiting because a job execution failed. Look above for error message
Complete log: .snakemake/log/2025-03-19T163316.171064.snakemake.log
WorkflowError:
At least one job did not complete successfully.
