Building DAG of jobs...
Using shell: /usr/bin/bash
Provided cores: 1 (use --cores to define parallelism)
Rules claiming more threads will be scaled down.
Job stats:
job                       count
----------------------  -------
all                           1
compute_hydrophobicity        1
total                         2

Select jobs to execute...

[Sun Mar  9 21:51:46 2025]
rule compute_hydrophobicity:
    input: z1_resources/gen+nat.fasta
    output: results/hydrophobicity_results.csv
    jobid: 2
    reason: Missing output files: results/hydrophobicity_results.csv; Set of input files has changed since last execution
    resources: tmpdir=/tmp

[Sun Mar  9 21:51:46 2025]
Finished job 2.
1 of 2 steps (50%) done
Select jobs to execute...

[Sun Mar  9 21:51:46 2025]
localrule all:
    input: results/pI_results.csv, results/hydrophobicity_results.csv
    jobid: 0
    reason: Input files updated by another job: results/hydrophobicity_results.csv
    resources: tmpdir=/tmp

[Sun Mar  9 21:51:46 2025]
Finished job 0.
2 of 2 steps (100%) done
Complete log: .snakemake/log/2025-03-09T215146.133244.snakemake.log
