Building DAG of jobs...
Using shell: /usr/bin/bash
Provided cores: 1 (use --cores to define parallelism)
Rules claiming more threads will be scaled down.
Job stats:
job           count
----------  -------
all               1
compute_pI        1
total             2

Select jobs to execute...

[Sun Mar  9 21:04:12 2025]
rule compute_pI:
    input: z1_resources/gen+nat.fasta
    output: results/pI_results.csv
    jobid: 1
    reason: Missing output files: results/pI_results.csv
    resources: tmpdir=/tmp

[Sun Mar  9 21:04:12 2025]
Error in rule compute_pI:
    jobid: 1
    input: z1_resources/gen+nat.fasta
    output: results/pI_results.csv
    shell:
        set -e; echo 'Starting compute_pI'; python workflow/scripts/pI.py -i z1_resources/gen+nat.fasta -o results/pI_results.csv; echo 'Finished compute_pI'
        (one of the commands exited with non-zero exit code; note that snakemake uses bash strict mode!)

Shutting down, this might take some time.
Exiting because a job execution failed. Look above for error message
Complete log: .snakemake/log/2025-03-09T210412.357773.snakemake.log
