Building DAG of jobs...
Using shell: /usr/bin/bash
Provided cores: 32
Rules claiming more threads will be scaled down.
Job stats:
job           count
----------  -------
all               1
boxplot_pI        1
total             2

Select jobs to execute...

[Wed Mar 12 14:20:49 2025]
rule boxplot_pI:
    input: results/pI_results.csv
    output: boxplot.png
    jobid: 1
    reason: Missing output files: boxplot.png
    resources: tmpdir=/tmp

[Wed Mar 12 14:20:49 2025]
Error in rule boxplot_pI:
    jobid: 1
    input: results/pI_results.csv
    output: boxplot.png
    shell:
        python boxplot_pI.py --csv results/pI_results.csv --output boxplot.png
        (one of the commands exited with non-zero exit code; note that snakemake uses bash strict mode!)

Shutting down, this might take some time.
Exiting because a job execution failed. Look above for error message
Complete log: .snakemake/log/2025-03-12T142048.896312.snakemake.log
