Building DAG of jobs...
Using shell: /usr/bin/bash
Provided cores: 1 (use --cores to define parallelism)
Rules claiming more threads will be scaled down.
Job stats:
job              count
-------------  -------
all                  1
merge_metrics        1
total                2

Select jobs to execute...

[Wed Mar 26 13:52:47 2025]
rule merge_metrics:
    input: results/pI_results.csv, results/hydrophobicity_results.csv, results/tm_scores/tm_score_results.csv, results/molecular_weight.csv
    output: merged_metrics.csv
    jobid: 1
    reason: Missing output files: merged_metrics.csv
    resources: tmpdir=/tmp

Waiting at most 5 seconds for missing files.
MissingOutputException in rule merge_metrics in file /home/sofia/BB103X_final/Snakefile, line 5:
Job 1  completed successfully, but some output files are missing. Missing files after 5 seconds. This might be due to filesystem latency. If that is the case, consider to increase the wait time with --latency-wait:
merged_metrics.csv
Shutting down, this might take some time.
Exiting because a job execution failed. Look above for error message
Complete log: .snakemake/log/2025-03-26T135247.235477.snakemake.log
