Building DAG of jobs...
Using shell: /usr/bin/bash
Provided cores: 1 (use --cores to define parallelism)
Rules claiming more threads will be scaled down.
Job stats:
job           count
----------  -------
all               1
boxplot_pI        1
total             2

Select jobs to execute...

[Sun Mar 16 15:56:29 2025]
rule boxplot_pI:
    input: results/pI_results.csv
    output: results/boxplot.png
    jobid: 1
    reason: Missing output files: results/boxplot.png
    resources: tmpdir=/tmp

[Sun Mar 16 15:56:30 2025]
Finished job 1.
1 of 2 steps (50%) done
Select jobs to execute...

[Sun Mar 16 15:56:30 2025]
localrule all:
    input: results/boxplot.png, results/hydrophobicity_boxplot.png
    jobid: 0
    reason: Input files updated by another job: results/boxplot.png
    resources: tmpdir=/tmp

[Sun Mar 16 15:56:30 2025]
Finished job 0.
2 of 2 steps (100%) done
Complete log: .snakemake/log/2025-03-16T155629.212195.snakemake.log
