Building DAG of jobs...
Using shell: /usr/bin/bash
Provided cores: 1 (use --cores to define parallelism)
Rules claiming more threads will be scaled down.
Conda environments: ignored
Job stats:
job            count
-----------  -------
all                1
run_dmpfold        2
total              3

Select jobs to execute...

[Mon Mar 17 20:38:49 2025]
rule run_dmpfold:
    input: results/nat_aln_file.aln
    output: results/z5_models_natural/nat_model_1.pdb
    jobid: 1
    reason: Missing output files: results/z5_models_natural/nat_model_1.pdb; Code has changed since last execution
    wildcards: model_dir=z5_models_natural, sample=nat
    resources: tmpdir=/tmp

[Mon Mar 17 20:38:49 2025]
Error in rule run_dmpfold:
    jobid: 1
    input: results/nat_aln_file.aln
    output: results/z5_models_natural/nat_model_1.pdb
    conda-env: /home/sofia/BB103X_final/.snakemake/conda/09a639b5f9bee9e791252218c33b780a_
    shell:
        
        # Create target/model directories
        mkdir -p results/z4_targets_natural results/z5_models_natural
        
        # Run the modified script, passing the sample name
        python workflow/scripts/run_dmpfold2.py results/nat_aln_file.aln             --target_dir results/z4_targets_natural             --model_dir results/z5_models_natural             --sample_name nat
        
        (one of the commands exited with non-zero exit code; note that snakemake uses bash strict mode!)

Shutting down, this might take some time.
Exiting because a job execution failed. Look above for error message
Complete log: .snakemake/log/2025-03-17T203849.424004.snakemake.log
