Building DAG of jobs...
Using shell: /usr/bin/bash
Provided cores: 4
Rules claiming more threads will be scaled down.
Job stats:
job                             count
----------------------------  -------
all                                 1
compute_molecular_weight            1
plot_molecular_weight_length        1
total                               3

Select jobs to execute...

[Thu Mar 20 12:53:28 2025]
rule compute_molecular_weight:
    input: resources/rubisco_sequences/gen.fa, resources/rubisco_sequences/nat.fa
    output: results/molecular_weight.csv
    jobid: 15
    reason: Set of input files has changed since last execution
    resources: tmpdir=/tmp

[Thu Mar 20 12:53:29 2025]
Error in rule compute_molecular_weight:
    jobid: 15
    input: resources/rubisco_sequences/gen.fa, resources/rubisco_sequences/nat.fa
    output: results/molecular_weight.csv
    shell:
        python workflow/scripts/compute_molecular_weight.py resources/rubisco_sequences/gen.fa resources/rubisco_sequences/nat.fa results/molecular_weight.csv
        (one of the commands exited with non-zero exit code; note that snakemake uses bash strict mode!)

Shutting down, this might take some time.
Exiting because a job execution failed. Look above for error message
Complete log: .snakemake/log/2025-03-20T125328.665540.snakemake.log
