Building DAG of jobs...
Using shell: /usr/bin/bash
Provided cores: 32
Rules claiming more threads will be scaled down.
Job stats:
job            count
-----------  -------
all                1
run_dmpfold        1
total              2

Select jobs to execute...

[Sun Mar 16 16:53:01 2025]
rule run_dmpfold:
    input: results/gen_aln_file.aln
    output: results/z3_models_gen/model_1.pdb
    jobid: 1
    reason: Missing output files: results/z3_models_gen/model_1.pdb
    resources: tmpdir=/tmp

Terminating processes on user request, this might take some time.
[Sun Mar 16 16:53:21 2025]
Error in rule run_dmpfold:
    jobid: 1
    input: results/gen_aln_file.aln
    output: results/z3_models_gen/model_1.pdb
    shell:
        python workflow/scripts/run_dmpfold2.py results/gen_aln_file.aln --target_dir results/z2_targets_gen --model_dir results/z3_models_gen
        (one of the commands exited with non-zero exit code; note that snakemake uses bash strict mode!)

Complete log: .snakemake/log/2025-03-16T165301.440619.snakemake.log
