Building DAG of jobs...
Using shell: /usr/bin/bash
Provided cores: 1 (use --cores to define parallelism)
Rules claiming more threads will be scaled down.
Job stats:
job                   count
------------------  -------
add_closest_column        1
all                       1
plot_clustering           1
total                     3

Select jobs to execute...

[Fri Mar 14 16:07:42 2025]
rule add_closest_column:
    input: results/rubisco_dist_mat.tsv, results/rubisco_updated.csv
    output: results/rubisco_final.csv
    jobid: 13
    reason: Missing output files: results/rubisco_final.csv
    resources: tmpdir=/tmp

workflow/scripts/add_closest_column.py results/rubisco_dist_mat.tsv results/rubisco_updated.csv results/rubisco_final.csv --sort
[Fri Mar 14 16:07:42 2025]
Error in rule add_closest_column:
    jobid: 13
    input: results/rubisco_dist_mat.tsv, results/rubisco_updated.csv
    output: results/rubisco_final.csv
    shell:
        workflow/scripts/add_closest_column.py results/rubisco_dist_mat.tsv results/rubisco_updated.csv results/rubisco_final.csv --sort
        (one of the commands exited with non-zero exit code; note that snakemake uses bash strict mode!)

Shutting down, this might take some time.
Exiting because a job execution failed. Look above for error message
Complete log: .snakemake/log/2025-03-14T160742.385064.snakemake.log
