Building DAG of jobs...
Using shell: /usr/bin/bash
Provided cores: 1 (use --cores to define parallelism)
Rules claiming more threads will be scaled down.
Job stats:
job                         count
------------------------  -------
compute_molecular_weight        1
total                           1

Select jobs to execute...

[Wed Mar 19 17:00:15 2025]
rule compute_molecular_weight:
    input: resources/gen.fa, resources/nat.fa
    output: results/molecular_weight.csv
    jobid: 0
    reason: Set of input files has changed since last execution
    resources: tmpdir=/tmp

[Wed Mar 19 17:00:16 2025]
Finished job 0.
1 of 1 steps (100%) done
Complete log: .snakemake/log/2025-03-19T170015.694811.snakemake.log
