Building DAG of jobs...
Using shell: /usr/bin/bash
Provided cores: 1 (use --cores to define parallelism)
Rules claiming more threads will be scaled down.
Conda environments: ignored
Job stats:
job                count
---------------  -------
all                    1
run_dmpfold_gen        1
run_dmpfold_nat        1
total                  3

Select jobs to execute...

[Mon Mar 17 15:47:05 2025]
rule run_dmpfold_nat:
    input: results/nat_aln_file.aln
    output: results/z5_models_natural/model_1.pdb
    jobid: 1
    reason: Missing output files: results/z5_models_natural/model_1.pdb
    resources: tmpdir=/tmp

Terminating processes on user request, this might take some time.
[Mon Mar 17 15:48:50 2025]
Error in rule run_dmpfold_nat:
    jobid: 1
    input: results/nat_aln_file.aln
    output: results/z5_models_natural/model_1.pdb
    conda-env: /home/sofia/BB103X_final/.snakemake/conda/09a639b5f9bee9e791252218c33b780a_
    shell:
        mkdir -p results/z4_targets_natural results/z5_models_natural && python workflow/scripts/dmpfold.py results/nat_aln_file.aln --sample nat
        (one of the commands exited with non-zero exit code; note that snakemake uses bash strict mode!)

Complete log: .snakemake/log/2025-03-17T154704.930020.snakemake.log
