Building DAG of jobs...
Using shell: /usr/bin/bash
Provided cores: 4
Rules claiming more threads will be scaled down.
Job stats:
job                             count
----------------------------  -------
add_closest_column                  1
add_origin_column                   1
all                                 1
clean_fasta                         1
combine_sequences                   1
compute_molecular_weight            1
fasta_to_csv                        1
length_histogram                    1
multiple_sequence_alignment         1
plot_clustering                     1
plot_molecular_weight_length        1
run_kmeans_pca                      1
run_pca                             1
total                              13

Select jobs to execute...

[Thu Mar 20 13:15:51 2025]
rule run_pca:
    input: resources/rubisco_sequences/gen.fa, resources/rubisco_sequences/nat.fa
    output: results/PCA_and_K-mean/pca_plot.png, results/PCA_and_K-mean/pca_plot_scree.png
    jobid: 1
    reason: Updated input files: resources/rubisco_sequences/nat.fa, resources/rubisco_sequences/gen.fa
    resources: tmpdir=/tmp


[Thu Mar 20 13:15:51 2025]
rule run_kmeans_pca:
    input: resources/rubisco_sequences/gen.fa, resources/rubisco_sequences/nat.fa
    output: results/PCA_and_K-mean/kmeans_plot_pca_with_clusters.png
    jobid: 2
    reason: Updated input files: resources/rubisco_sequences/nat.fa, resources/rubisco_sequences/gen.fa
    resources: tmpdir=/tmp


[Thu Mar 20 13:15:51 2025]
rule combine_sequences:
    input: resources/rubisco_sequences/gen.fa, resources/rubisco_sequences/nat.fa
    output: results/rubisco.fasta
    jobid: 7
    reason: Updated input files: resources/rubisco_sequences/nat.fa, resources/rubisco_sequences/gen.fa
    resources: tmpdir=/tmp


[Thu Mar 20 13:15:51 2025]
rule compute_molecular_weight:
    input: resources/rubisco_sequences/gen.fa, resources/rubisco_sequences/nat.fa
    output: results/molecular_weight.csv
    jobid: 15
    reason: Missing output files: results/molecular_weight.csv
    resources: tmpdir=/tmp

[Thu Mar 20 13:15:51 2025]
Finished job 7.
1 of 13 steps (8%) done
Select jobs to execute...

[Thu Mar 20 13:15:51 2025]
rule clean_fasta:
    input: results/rubisco.fasta
    output: results/rubisco_cleaned.fasta
    log: results/rubisco_filtering.log
    jobid: 8
    reason: Input files updated by another job: results/rubisco.fasta
    resources: tmpdir=/tmp

[Thu Mar 20 13:15:51 2025]
Finished job 8.
2 of 13 steps (15%) done
Select jobs to execute...

[Thu Mar 20 13:15:51 2025]
rule multiple_sequence_alignment:
    input: results/rubisco_cleaned.fasta
    output: results/rubisco_msa.fasta, results/rubisco_dist_mat.tsv
    jobid: 12
    reason: Input files updated by another job: results/rubisco_cleaned.fasta
    resources: tmpdir=/tmp

[Thu Mar 20 13:15:51 2025]
Finished job 15.
3 of 13 steps (23%) done
Select jobs to execute...

[Thu Mar 20 13:15:51 2025]
rule plot_molecular_weight_length:
    input: results/molecular_weight.csv
    output: results/molecular_weight_boxplot.png, results/molecular_weight_histogram.png, results/sequence_length_boxplot.png, results/scatterplot.png
    jobid: 16
    reason: Missing output files: results/scatterplot.png, results/molecular_weight_boxplot.png, results/molecular_weight_histogram.png, results/sequence_length_boxplot.png; Input files updated by another job: results/molecular_weight.csv
    resources: tmpdir=/tmp

[Thu Mar 20 13:15:51 2025]
Finished job 12.
4 of 13 steps (31%) done
Select jobs to execute...

[Thu Mar 20 13:15:51 2025]
rule fasta_to_csv:
    input: results/rubisco_cleaned.fasta
    output: results/rubisco.csv
    jobid: 9
    reason: Input files updated by another job: results/rubisco_cleaned.fasta
    resources: tmpdir=/tmp

[Thu Mar 20 13:15:52 2025]
Finished job 9.
5 of 13 steps (38%) done
Select jobs to execute...

[Thu Mar 20 13:15:52 2025]
rule add_origin_column:
    input: results/rubisco.csv
    output: results/rubisco_updated.csv
    jobid: 11
    reason: Input files updated by another job: results/rubisco.csv
    resources: tmpdir=/tmp

[Thu Mar 20 13:15:52 2025]
Finished job 2.
6 of 13 steps (46%) done
[Thu Mar 20 13:15:52 2025]
Finished job 11.
7 of 13 steps (54%) done
Select jobs to execute...

[Thu Mar 20 13:15:52 2025]
rule length_histogram:
    input: results/rubisco_updated.csv
    output: results/length_histogram.png
    jobid: 10
    reason: Input files updated by another job: results/rubisco_updated.csv
    resources: tmpdir=/tmp


[Thu Mar 20 13:15:52 2025]
rule add_closest_column:
    input: results/rubisco_dist_mat.tsv, results/rubisco_updated.csv
    output: results/rubisco_final.csv
    jobid: 14
    reason: Input files updated by another job: results/rubisco_updated.csv, results/rubisco_dist_mat.tsv
    resources: tmpdir=/tmp

[Thu Mar 20 13:15:52 2025]
Finished job 1.
8 of 13 steps (62%) done
[Thu Mar 20 13:15:52 2025]
Finished job 14.
9 of 13 steps (69%) done
Select jobs to execute...

[Thu Mar 20 13:15:52 2025]
rule plot_clustering:
    input: results/rubisco_dist_mat.tsv, results/rubisco_final.csv
    output: results/rubisco_clusters.png
    jobid: 13
    reason: Input files updated by another job: results/rubisco_final.csv, results/rubisco_dist_mat.tsv
    resources: tmpdir=/tmp

Waiting at most 5 seconds for missing files.
MissingOutputException in rule plot_molecular_weight_length in file /home/emil/BB103X_final/Snakefile, line 210:
Job 16  completed successfully, but some output files are missing. Missing files after 5 seconds. This might be due to filesystem latency. If that is the case, consider to increase the wait time with --latency-wait:
results/molecular_weight_boxplot.png
results/molecular_weight_histogram.png
results/sequence_length_boxplot.png
results/scatterplot.png
[Thu Mar 20 13:15:58 2025]
Finished job 10.
10 of 13 steps (77%) done
[Thu Mar 20 13:15:58 2025]
Finished job 13.
11 of 13 steps (85%) done
Shutting down, this might take some time.
Exiting because a job execution failed. Look above for error message
Complete log: .snakemake/log/2025-03-20T131550.764052.snakemake.log
