Building DAG of jobs...
Using shell: /usr/bin/bash
Provided cores: 1 (use --cores to define parallelism)
Rules claiming more threads will be scaled down.
Job stats:
job                         count
------------------------  -------
compute_molecular_weight        1
total                           1

Select jobs to execute...

[Tue Mar 18 16:50:33 2025]
rule compute_molecular_weight:
    input: resources/rubisco_sequences/gen.fa, resources/rubisco_sequences/nat.fa
    output: results/molecular_weight.csv
    jobid: 0
    reason: Missing output files: results/molecular_weight.csv
    resources: tmpdir=/tmp

Waiting at most 30 seconds for missing files.
MissingOutputException in rule compute_molecular_weight in file /home/ahmad/BB103X_final/Snakefile, line 9:
Job 0 completed successfully, but some output files are missing. Missing files after 30 seconds. This might be due to filesystem latency. If that is the case, consider to increase the wait time with --latency-wait:
results/molecular_weight.csv
Shutting down, this might take some time.
Exiting because a job execution failed. Look above for error message
Complete log: .snakemake/log/2025-03-18T165033.187519.snakemake.log
