Building DAG of jobs...
Using shell: /usr/bin/bash
Provided cores: 8
Rules claiming more threads will be scaled down.
Job stats:
job                       count
----------------------  -------
all                           1
compute_hydrophobicity        1
compute_pI                    1
total                         3

Select jobs to execute...

[Wed Feb 26 17:46:56 2025]
rule compute_hydrophobicity:
    input: resources/dragon_radii_updated.fasta
    output: results/hydrophobicity_results.csv
    jobid: 2
    reason: Missing output files: results/hydrophobicity_results.csv
    resources: tmpdir=/tmp


[Wed Feb 26 17:46:56 2025]
rule compute_pI:
    input: resources/dragon_radii_updated.fasta
    output: results/pI_results.csv
    jobid: 1
    reason: Missing output files: results/pI_results.csv
    resources: tmpdir=/tmp

[Wed Feb 26 17:46:57 2025]
Finished job 2.
1 of 3 steps (33%) done
[Wed Feb 26 17:46:57 2025]
Finished job 1.
2 of 3 steps (67%) done
Select jobs to execute...

[Wed Feb 26 17:46:57 2025]
localrule all:
    input: results/pI_results.csv, results/hydrophobicity_results.csv
    jobid: 0
    reason: Input files updated by another job: results/pI_results.csv, results/hydrophobicity_results.csv
    resources: tmpdir=/tmp

[Wed Feb 26 17:46:57 2025]
Finished job 0.
3 of 3 steps (100%) done
Complete log: .snakemake/log/2025-02-26T174655.257734.snakemake.log
