Building DAG of jobs...
Using shell: /usr/bin/bash
Provided cores: 4
Rules claiming more threads will be scaled down.
Job stats:
job                   count
------------------  -------
add_closest_column        1
add_origin_column         1
all                       1
length_histogram          1
plot_clustering           1
total                     5

Select jobs to execute...

[Wed Mar 19 15:31:35 2025]
rule add_origin_column:
    input: results/rubisco.csv
    output: results/rubisco_updated.csv
    jobid: 49
    reason: Missing output files: results/rubisco_updated.csv
    resources: tmpdir=/tmp

[Wed Mar 19 15:31:35 2025]
Finished job 49.
1 of 5 steps (20%) done
Select jobs to execute...

[Wed Mar 19 15:31:35 2025]
rule add_closest_column:
    input: results/rubisco_dist_mat.tsv, results/rubisco_updated.csv
    output: results/rubisco_final.csv
    jobid: 52
    reason: Missing output files: results/rubisco_final.csv; Input files updated by another job: results/rubisco_updated.csv
    resources: tmpdir=/tmp


[Wed Mar 19 15:31:35 2025]
rule length_histogram:
    input: results/rubisco_updated.csv
    output: results/length_histogram.png
    jobid: 48
    reason: Input files updated by another job: results/rubisco_updated.csv
    resources: tmpdir=/tmp

[Wed Mar 19 15:31:36 2025]
Finished job 52.
2 of 5 steps (40%) done
Select jobs to execute...

[Wed Mar 19 15:31:36 2025]
rule plot_clustering:
    input: results/rubisco_dist_mat.tsv, results/rubisco_final.csv
    output: results/rubisco_clusters.png
    jobid: 51
    reason: Missing output files: results/rubisco_clusters.png; Input files updated by another job: results/rubisco_final.csv
    resources: tmpdir=/tmp

[Wed Mar 19 15:31:36 2025]
Finished job 48.
3 of 5 steps (60%) done
[Wed Mar 19 15:31:37 2025]
Finished job 51.
4 of 5 steps (80%) done
Select jobs to execute...

[Wed Mar 19 15:31:37 2025]
localrule all:
    input: results/nat_models/model_nat_seq1.pdb, results/nat_models/model_nat_seq2.pdb, results/nat_models/model_nat_seq3.pdb, results/nat_models/model_nat_seq4.pdb, results/nat_models/model_nat_seq5.pdb, results/nat_models/model_nat_seq6.pdb, results/nat_models/model_nat_seq7.pdb, results/nat_models/model_nat_seq8.pdb, results/nat_models/model_nat_seq9.pdb, results/nat_models/model_nat_seq10.pdb, results/gen_models/model_gen_seq1.pdb, results/gen_models/model_gen_seq2.pdb, results/gen_models/model_gen_seq3.pdb, results/gen_models/model_gen_seq4.pdb, results/gen_models/model_gen_seq5.pdb, results/gen_models/model_gen_seq6.pdb, results/gen_models/model_gen_seq7.pdb, results/gen_models/model_gen_seq8.pdb, results/gen_models/model_gen_seq9.pdb, results/gen_models/model_gen_seq10.pdb, resources/rubisco_sequences/nat.fa, results/rubisco.fasta, results/rubisco_cleaned.fasta, results/rubisco_filtering.log, results/rubisco.csv, results/length_histogram.png, results/rubisco_msa.fasta, results/rubisco_dist_mat.tsv, results/rubisco_clusters.png
    jobid: 0
    reason: Input files updated by another job: results/length_histogram.png, results/rubisco_clusters.png
    resources: tmpdir=/tmp

[Wed Mar 19 15:31:37 2025]
Finished job 0.
5 of 5 steps (100%) done
Complete log: .snakemake/log/2025-03-19T153135.085734.snakemake.log
