Building DAG of jobs...
Using shell: /usr/bin/bash
Provided cores: 1 (use --cores to define parallelism)
Rules claiming more threads will be scaled down.
Job stats:
job            count
-----------  -------
all                1
run_dmpfold        2
total              3

Select jobs to execute...

[Tue Mar 18 20:44:49 2025]
rule run_dmpfold:
    input: results/nat_aln_file.aln
    output: results/nat_models/model_nat.pdb
    jobid: 1
    reason: Missing output files: results/nat_models/model_nat.pdb
    wildcards: sample=nat
    resources: tmpdir=/tmp

[Tue Mar 18 20:44:52 2025]
Error in rule run_dmpfold:
    jobid: 1
    input: results/nat_aln_file.aln
    output: results/nat_models/model_nat.pdb
    shell:
        
        mkdir -p results/nat_models
        echo "🚀 Running dmpfold for nat..."
        python workflow/scripts/run_dmpfold2.py results/nat_aln_file.aln results/nat_models/model_nat.pdb
        
        (one of the commands exited with non-zero exit code; note that snakemake uses bash strict mode!)

Shutting down, this might take some time.
Exiting because a job execution failed. Look above for error message
Complete log: .snakemake/log/2025-03-18T204449.374174.snakemake.log
